Promote started 2026-06-04 19:37:14.662868
v2=C:\Users\Amanda\Developer\ryoko-owari\game\audio\voice\v2\eve-donovan-2026-06-04
legacy=C:\Users\Amanda\Developer\ryoko-owari\game\audio\voice
backup=C:\Users\Amanda\Developer\ryoko-owari\game\audio\voice\versions\missing-audio-audit-backup-2026-06-04
promoted=15 skipped=0 backed_up=0

PROMOTED kaoru_368
PROMOTED kaoru_371
PROMOTED kaoru_372
PROMOTED kaoru_373
PROMOTED narrator_286
PROMOTED narrator_287
PROMOTED narrator_290
PROMOTED narrator_291
PROMOTED narrator_292
PROMOTED narrator_293
PROMOTED narrator_294
PROMOTED narrator_295
PROMOTED narrator_296
PROMOTED toa_305
PROMOTED toa_307